// Jest Snapshot v1, https://goo.gl/fbAQLP

exports[`header render header 1`] = `
Object {
  "asFragment": [Function],
  "baseElement": <body>
    <header>
      <header>
        <div
          class="header__top"
        >
          <div
            class="container"
          >
            <div
              class="nav"
            >
              <div
                class="nav__address"
              >
                <img
                  alt=""
                  src="/images/marker.svg"
                />
                <div>
                  <h3>
                    г. Кокчетав, ул. Ж. Ташенова 129Б
                  </h3>
                  <span>
                    (Рынок Восточный)
                  </span>
                </div>
              </div>
              <div
                class="nav__contact"
              >
                <img
                  alt=""
                  src="/images/convert.svg"
                />
                <div>
                  <h3>
                    opt.sultan@mail.ru
                  </h3>
                  <span>
                    На связи в любое время
                  </span>
                </div>
              </div>
              <div
                class="nav__info"
              >
                <div>
                  <p>
                    О компании
                  </p>
                </div>
                <div>
                  <p>
                    Доставка и оплата
                  </p>
                </div>
                <div>
                  <p>
                    Возврат
                  </p>
                </div>
                <div>
                  <p>
                    Контакты
                  </p>
                </div>
              </div>
            </div>
          </div>
        </div>
        <div
          class="header__bot"
        >
          <div
            class="container"
          >
            <div
              class="header__content"
            >
              <span
                class="burger"
              >
                <img
                  alt=""
                  src="/images/burger.svg"
                />
              </span>
              <img
                alt=""
                class="rgb"
                src="/images/RGB.svg"
              />
              <button
                class="header__catalog"
              >
                <img
                  alt=""
                  class="sqg"
                  src="/images/squares_grey.svg"
                />
                Каталог
                <img
                  alt=""
                  class="sq"
                  src="/images/squares.svg"
                />
              </button>
              <div
                class="header__search"
              >
                <input
                  placeholder="Поиск..."
                  type="text"
                />
                <button>
                  <img
                    alt=""
                    class="srg"
                    src="/images/search_grey.svg"
                  />
                  <img
                    alt=""
                    class="sr"
                    src="/images/search.svg"
                  />
                </button>
              </div>
              <div
                class="header__tel"
              >
                <h3>
                  +7 (777) 490-00-91
                </h3>
                <p>
                  время работы: 9:00-20:00
                </p>
                <span>
                  Заказать звонок
                </span>
              </div>
              <img
                alt=""
                class="header__woman"
                src="/images/call_woman.png"
              />
              <button
                class="header__price"
              >
                АДМИН-ПАНЕЛЬ
                <img
                  alt=""
                  src="/images/arrow_down.svg"
                />
              </button>
              <div
                class="header__cart"
              >
                <img
                  alt=""
                  src="/images/cart.svg"
                />
                <span
                  data-testid="количество"
                />
              </div>
              <div
                class="header__cart-check"
              >
                <p>
                  Корзина
                </p>
                <span
                  data-testid="сумма"
                >
                   ₸
                </span>
              </div>
            </div>
          </div>
        </div>
      </header>
    </header>
    <div>
      <header>
        <div
          class="header__top"
        >
          <div
            class="container"
          >
            <div
              class="nav"
            >
              <div
                class="nav__address"
              >
                <img
                  alt=""
                  src="/images/marker.svg"
                />
                <div>
                  <h3>
                    г. Кокчетав, ул. Ж. Ташенова 129Б
                  </h3>
                  <span>
                    (Рынок Восточный)
                  </span>
                </div>
              </div>
              <div
                class="nav__contact"
              >
                <img
                  alt=""
                  src="/images/convert.svg"
                />
                <div>
                  <h3>
                    opt.sultan@mail.ru
                  </h3>
                  <span>
                    На связи в любое время
                  </span>
                </div>
              </div>
              <div
                class="nav__info"
              >
                <div>
                  <p>
                    О компании
                  </p>
                </div>
                <div>
                  <p>
                    Доставка и оплата
                  </p>
                </div>
                <div>
                  <p>
                    Возврат
                  </p>
                </div>
                <div>
                  <p>
                    Контакты
                  </p>
                </div>
              </div>
            </div>
          </div>
        </div>
        <div
          class="header__bot"
        >
          <div
            class="container"
          >
            <div
              class="header__content"
            >
              <span
                class="burger"
              >
                <img
                  alt=""
                  src="/images/burger.svg"
                />
              </span>
              <img
                alt=""
                class="rgb"
                src="/images/RGB.svg"
              />
              <button
                class="header__catalog"
              >
                <img
                  alt=""
                  class="sqg"
                  src="/images/squares_grey.svg"
                />
                Каталог
                <img
                  alt=""
                  class="sq"
                  src="/images/squares.svg"
                />
              </button>
              <div
                class="header__search"
              >
                <input
                  placeholder="Поиск..."
                  type="text"
                />
                <button>
                  <img
                    alt=""
                    class="srg"
                    src="/images/search_grey.svg"
                  />
                  <img
                    alt=""
                    class="sr"
                    src="/images/search.svg"
                  />
                </button>
              </div>
              <div
                class="header__tel"
              >
                <h3>
                  +7 (777) 490-00-91
                </h3>
                <p>
                  время работы: 9:00-20:00
                </p>
                <span>
                  Заказать звонок
                </span>
              </div>
              <img
                alt=""
                class="header__woman"
                src="/images/call_woman.png"
              />
              <button
                class="header__price"
              >
                АДМИН-ПАНЕЛЬ
                <img
                  alt=""
                  src="/images/arrow_down.svg"
                />
              </button>
              <div
                class="header__cart"
              >
                <img
                  alt=""
                  src="/images/cart.svg"
                />
                <span
                  data-testid="количество"
                />
              </div>
              <div
                class="header__cart-check"
              >
                <p>
                  Корзина
                </p>
                <span
                  data-testid="сумма"
                >
                   ₸
                </span>
              </div>
            </div>
          </div>
        </div>
      </header>
    </div>
  </body>,
  "container": <div>
    <header>
      <div
        class="header__top"
      >
        <div
          class="container"
        >
          <div
            class="nav"
          >
            <div
              class="nav__address"
            >
              <img
                alt=""
                src="/images/marker.svg"
              />
              <div>
                <h3>
                  г. Кокчетав, ул. Ж. Ташенова 129Б
                </h3>
                <span>
                  (Рынок Восточный)
                </span>
              </div>
            </div>
            <div
              class="nav__contact"
            >
              <img
                alt=""
                src="/images/convert.svg"
              />
              <div>
                <h3>
                  opt.sultan@mail.ru
                </h3>
                <span>
                  На связи в любое время
                </span>
              </div>
            </div>
            <div
              class="nav__info"
            >
              <div>
                <p>
                  О компании
                </p>
              </div>
              <div>
                <p>
                  Доставка и оплата
                </p>
              </div>
              <div>
                <p>
                  Возврат
                </p>
              </div>
              <div>
                <p>
                  Контакты
                </p>
              </div>
            </div>
          </div>
        </div>
      </div>
      <div
        class="header__bot"
      >
        <div
          class="container"
        >
          <div
            class="header__content"
          >
            <span
              class="burger"
            >
              <img
                alt=""
                src="/images/burger.svg"
              />
            </span>
            <img
              alt=""
              class="rgb"
              src="/images/RGB.svg"
            />
            <button
              class="header__catalog"
            >
              <img
                alt=""
                class="sqg"
                src="/images/squares_grey.svg"
              />
              Каталог
              <img
                alt=""
                class="sq"
                src="/images/squares.svg"
              />
            </button>
            <div
              class="header__search"
            >
              <input
                placeholder="Поиск..."
                type="text"
              />
              <button>
                <img
                  alt=""
                  class="srg"
                  src="/images/search_grey.svg"
                />
                <img
                  alt=""
                  class="sr"
                  src="/images/search.svg"
                />
              </button>
            </div>
            <div
              class="header__tel"
            >
              <h3>
                +7 (777) 490-00-91
              </h3>
              <p>
                время работы: 9:00-20:00
              </p>
              <span>
                Заказать звонок
              </span>
            </div>
            <img
              alt=""
              class="header__woman"
              src="/images/call_woman.png"
            />
            <button
              class="header__price"
            >
              АДМИН-ПАНЕЛЬ
              <img
                alt=""
                src="/images/arrow_down.svg"
              />
            </button>
            <div
              class="header__cart"
            >
              <img
                alt=""
                src="/images/cart.svg"
              />
              <span
                data-testid="количество"
              />
            </div>
            <div
              class="header__cart-check"
            >
              <p>
                Корзина
              </p>
              <span
                data-testid="сумма"
              >
                 ₸
              </span>
            </div>
          </div>
        </div>
      </div>
    </header>
  </div>,
  "debug": [Function],
  "findAllByAltText": [Function],
  "findAllByDisplayValue": [Function],
  "findAllByLabelText": [Function],
  "findAllByPlaceholderText": [Function],
  "findAllByRole": [Function],
  "findAllByTestId": [Function],
  "findAllByText": [Function],
  "findAllByTitle": [Function],
  "findByAltText": [Function],
  "findByDisplayValue": [Function],
  "findByLabelText": [Function],
  "findByPlaceholderText": [Function],
  "findByRole": [Function],
  "findByTestId": [Function],
  "findByText": [Function],
  "findByTitle": [Function],
  "getAllByAltText": [Function],
  "getAllByDisplayValue": [Function],
  "getAllByLabelText": [Function],
  "getAllByPlaceholderText": [Function],
  "getAllByRole": [Function],
  "getAllByTestId": [Function],
  "getAllByText": [Function],
  "getAllByTitle": [Function],
  "getByAltText": [Function],
  "getByDisplayValue": [Function],
  "getByLabelText": [Function],
  "getByPlaceholderText": [Function],
  "getByRole": [Function],
  "getByTestId": [Function],
  "getByText": [Function],
  "getByTitle": [Function],
  "queryAllByAltText": [Function],
  "queryAllByDisplayValue": [Function],
  "queryAllByLabelText": [Function],
  "queryAllByPlaceholderText": [Function],
  "queryAllByRole": [Function],
  "queryAllByTestId": [Function],
  "queryAllByText": [Function],
  "queryAllByTitle": [Function],
  "queryByAltText": [Function],
  "queryByDisplayValue": [Function],
  "queryByLabelText": [Function],
  "queryByPlaceholderText": [Function],
  "queryByRole": [Function],
  "queryByTestId": [Function],
  "queryByText": [Function],
  "queryByTitle": [Function],
  "rerender": [Function],
  "unmount": [Function],
}
`;
